-- The CXX compiler identification is GNU 7.5.0
-- The C compiler identification is GNU 7.5.0
-- Check for working CXX compiler: /usr/bin/c++
-- Check for working CXX compiler: /usr/bin/c++ -- works
-- Detecting CXX compiler ABI info
-- Detecting CXX compiler ABI info - done
-- Detecting CXX compile features
-- Detecting CXX compile features - done
-- Check for working C compiler: /usr/bin/cc
-- Check for working C compiler: /usr/bin/cc -- works
-- Detecting C compiler ABI info
-- Detecting C compiler ABI info - done
-- Detecting C compile features
-- Detecting C compile features - done
-- Not forcing any particular BLAS to be found
-- Could not find ccache. Consider installing ccache to speed up compilation.
-- Performing Test COMPILER_WORKS
-- Performing Test COMPILER_WORKS - Success
-- Performing Test SUPPORT_GLIBCXX_USE_C99
-- Performing Test SUPPORT_GLIBCXX_USE_C99 - Success
-- Performing Test CAFFE2_EXCEPTION_PTR_SUPPORTED
-- Performing Test CAFFE2_EXCEPTION_PTR_SUPPORTED - Success
-- std::exception_ptr is supported.
-- Performing Test CAFFE2_NEED_TO_TURN_OFF_DEPRECATION_WARNING
-- Performing Test CAFFE2_NEED_TO_TURN_OFF_DEPRECATION_WARNING - Failed
-- Turning off deprecation warning due to glog.
-- Performing Test C_HAS_AVX_1
-- Performing Test C_HAS_AVX_1 - Failed
-- Performing Test C_HAS_AVX_2
-- Performing Test C_HAS_AVX_2 - Failed
-- Performing Test C_HAS_AVX_3
-- Performing Test C_HAS_AVX_3 - Failed
-- Performing Test C_HAS_AVX2_1
-- Performing Test C_HAS_AVX2_1 - Failed
-- Performing Test C_HAS_AVX2_2
-- Performing Test C_HAS_AVX2_2 - Failed
-- Performing Test C_HAS_AVX2_3
-- Performing Test C_HAS_AVX2_3 - Failed
-- Performing Test C_HAS_AVX512_1
-- Performing Test C_HAS_AVX512_1 - Failed
-- Performing Test C_HAS_AVX512_2
-- Performing Test C_HAS_AVX512_2 - Failed
-- Performing Test C_HAS_AVX512_3
-- Performing Test C_HAS_AVX512_3 - Failed
-- Performing Test CXX_HAS_AVX_1
-- Performing Test CXX_HAS_AVX_1 - Failed
-- Performing Test CXX_HAS_AVX_2
-- Performing Test CXX_HAS_AVX_2 - Failed
-- Performing Test CXX_HAS_AVX_3
-- Performing Test CXX_HAS_AVX_3 - Failed
-- Performing Test CXX_HAS_AVX2_1
-- Performing Test CXX_HAS_AVX2_1 - Failed
-- Performing Test CXX_HAS_AVX2_2
-- Performing Test CXX_HAS_AVX2_2 - Failed
-- Performing Test CXX_HAS_AVX2_3
-- Performing Test CXX_HAS_AVX2_3 - Failed
-- Performing Test CXX_HAS_AVX512_1
-- Performing Test CXX_HAS_AVX512_1 - Failed
-- Performing Test CXX_HAS_AVX512_2
-- Performing Test CXX_HAS_AVX512_2 - Failed
-- Performing Test CXX_HAS_AVX512_3
-- Performing Test CXX_HAS_AVX512_3 - Failed
-- Performing Test CAFFE2_COMPILER_SUPPORTS_AVX512_EXTENSIONS
-- Performing Test CAFFE2_COMPILER_SUPPORTS_AVX512_EXTENSIONS - Failed
-- Performing Test COMPILER_SUPPORTS_HIDDEN_VISIBILITY
-- Performing Test COMPILER_SUPPORTS_HIDDEN_VISIBILITY - Success
-- Performing Test COMPILER_SUPPORTS_HIDDEN_INLINE_VISIBILITY
-- Performing Test COMPILER_SUPPORTS_HIDDEN_INLINE_VISIBILITY - Success
-- Performing Test COMPILER_SUPPORTS_RDYNAMIC
-- Performing Test COMPILER_SUPPORTS_RDYNAMIC - Success
-- Building using own protobuf under third_party per request.
-- Use custom protobuf build.
-- 
-- 3.13.0.0
-- Looking for pthread.h
-- Looking for pthread.h - found
-- Looking for pthread_create
-- Looking for pthread_create - not found
-- Check if compiler accepts -pthread
-- Check if compiler accepts -pthread - yes
-- Found Threads: TRUE  
-- Performing Test protobuf_HAVE_BUILTIN_ATOMICS
-- Performing Test protobuf_HAVE_BUILTIN_ATOMICS - Success
-- Caffe2 protobuf include directory: $<BUILD_INTERFACE:/home/kzl/Projects/pytorch/third_party/protobuf/src>$<INSTALL_INTERFACE:include>
-- Trying to find preferred BLAS backend of choice: MKL
-- MKL_THREADING = OMP
-- Looking for sys/types.h
-- Looking for sys/types.h - found
-- Looking for stdint.h
-- Looking for stdint.h - found
-- Looking for stddef.h
-- Looking for stddef.h - found
-- Check size of void*
-- Check size of void* - done
-- MKL_THREADING = OMP
CMake Warning at cmake/Dependencies.cmake:177 (message):
  MKL could not be found.  Defaulting to Eigen
Call Stack (most recent call first):
  CMakeLists.txt:653 (include)


CMake Warning at cmake/Dependencies.cmake:205 (message):
  Preferred BLAS (MKL) cannot be found, now searching for a general BLAS
  library
Call Stack (most recent call first):
  CMakeLists.txt:653 (include)


-- MKL_THREADING = OMP
-- Checking for [mkl_intel_lp64 - mkl_gnu_thread - mkl_core - gomp - pthread - m - dl]
--   Library mkl_intel_lp64: not found
-- Checking for [mkl_intel_lp64 - mkl_intel_thread - mkl_core - gomp - pthread - m - dl]
--   Library mkl_intel_lp64: not found
-- Checking for [mkl_intel - mkl_gnu_thread - mkl_core - gomp - pthread - m - dl]
--   Library mkl_intel: not found
-- Checking for [mkl_intel - mkl_intel_thread - mkl_core - gomp - pthread - m - dl]
--   Library mkl_intel: not found
-- Checking for [mkl_gf_lp64 - mkl_gnu_thread - mkl_core - gomp - pthread - m - dl]
--   Library mkl_gf_lp64: not found
-- Checking for [mkl_gf_lp64 - mkl_intel_thread - mkl_core - gomp - pthread - m - dl]
--   Library mkl_gf_lp64: not found
-- Checking for [mkl_gf - mkl_gnu_thread - mkl_core - gomp - pthread - m - dl]
--   Library mkl_gf: not found
-- Checking for [mkl_gf - mkl_intel_thread - mkl_core - gomp - pthread - m - dl]
--   Library mkl_gf: not found
-- Checking for [mkl_intel_lp64 - mkl_gnu_thread - mkl_core - iomp5 - pthread - m - dl]
--   Library mkl_intel_lp64: not found
-- Checking for [mkl_intel_lp64 - mkl_intel_thread - mkl_core - iomp5 - pthread - m - dl]
--   Library mkl_intel_lp64: not found
-- Checking for [mkl_intel - mkl_gnu_thread - mkl_core - iomp5 - pthread - m - dl]
--   Library mkl_intel: not found
-- Checking for [mkl_intel - mkl_intel_thread - mkl_core - iomp5 - pthread - m - dl]
--   Library mkl_intel: not found
-- Checking for [mkl_gf_lp64 - mkl_gnu_thread - mkl_core - iomp5 - pthread - m - dl]
--   Library mkl_gf_lp64: not found
-- Checking for [mkl_gf_lp64 - mkl_intel_thread - mkl_core - iomp5 - pthread - m - dl]
--   Library mkl_gf_lp64: not found
-- Checking for [mkl_gf - mkl_gnu_thread - mkl_core - iomp5 - pthread - m - dl]
--   Library mkl_gf: not found
-- Checking for [mkl_gf - mkl_intel_thread - mkl_core - iomp5 - pthread - m - dl]
--   Library mkl_gf: not found
-- Checking for [mkl_intel_lp64 - mkl_gnu_thread - mkl_core - pthread - m - dl]
--   Library mkl_intel_lp64: not found
-- Checking for [mkl_intel_lp64 - mkl_intel_thread - mkl_core - pthread - m - dl]
--   Library mkl_intel_lp64: not found
-- Checking for [mkl_intel - mkl_gnu_thread - mkl_core - pthread - m - dl]
--   Library mkl_intel: not found
-- Checking for [mkl_intel - mkl_intel_thread - mkl_core - pthread - m - dl]
--   Library mkl_intel: not found
-- Checking for [mkl_gf_lp64 - mkl_gnu_thread - mkl_core - pthread - m - dl]
--   Library mkl_gf_lp64: not found
-- Checking for [mkl_gf_lp64 - mkl_intel_thread - mkl_core - pthread - m - dl]
--   Library mkl_gf_lp64: not found
-- Checking for [mkl_gf - mkl_gnu_thread - mkl_core - pthread - m - dl]
--   Library mkl_gf: not found
-- Checking for [mkl_gf - mkl_intel_thread - mkl_core - pthread - m - dl]
--   Library mkl_gf: not found
-- Checking for [mkl_intel_lp64 - mkl_sequential - mkl_core - m - dl]
--   Library mkl_intel_lp64: not found
-- Checking for [mkl_intel - mkl_sequential - mkl_core - m - dl]
--   Library mkl_intel: not found
-- Checking for [mkl_gf_lp64 - mkl_sequential - mkl_core - m - dl]
--   Library mkl_gf_lp64: not found
-- Checking for [mkl_gf - mkl_sequential - mkl_core - m - dl]
--   Library mkl_gf: not found
-- Checking for [mkl_intel_lp64 - mkl_core - gomp - pthread - m - dl]
--   Library mkl_intel_lp64: not found
-- Checking for [mkl_intel - mkl_core - gomp - pthread - m - dl]
--   Library mkl_intel: not found
-- Checking for [mkl_gf_lp64 - mkl_core - gomp - pthread - m - dl]
--   Library mkl_gf_lp64: not found
-- Checking for [mkl_gf - mkl_core - gomp - pthread - m - dl]
--   Library mkl_gf: not found
-- Checking for [mkl_intel_lp64 - mkl_core - iomp5 - pthread - m - dl]
--   Library mkl_intel_lp64: not found
-- Checking for [mkl_intel - mkl_core - iomp5 - pthread - m - dl]
--   Library mkl_intel: not found
-- Checking for [mkl_gf_lp64 - mkl_core - iomp5 - pthread - m - dl]
--   Library mkl_gf_lp64: not found
-- Checking for [mkl_gf - mkl_core - iomp5 - pthread - m - dl]
--   Library mkl_gf: not found
-- Checking for [mkl_intel_lp64 - mkl_core - pthread - m - dl]
--   Library mkl_intel_lp64: not found
-- Checking for [mkl_intel - mkl_core - pthread - m - dl]
--   Library mkl_intel: not found
-- Checking for [mkl_gf_lp64 - mkl_core - pthread - m - dl]
--   Library mkl_gf_lp64: not found
-- Checking for [mkl_gf - mkl_core - pthread - m - dl]
--   Library mkl_gf: not found
-- Checking for [mkl - guide - pthread - m]
--   Library mkl: not found
-- MKL library not found
-- Checking for [blis]
--   Library blis: BLAS_blis_LIBRARY-NOTFOUND
-- Checking for [Accelerate]
--   Library Accelerate: BLAS_Accelerate_LIBRARY-NOTFOUND
-- Checking for [vecLib]
--   Library vecLib: BLAS_vecLib_LIBRARY-NOTFOUND
-- Checking for [openblas]
--   Library openblas: BLAS_openblas_LIBRARY-NOTFOUND
-- Checking for [openblas - pthread - m]
--   Library openblas: BLAS_openblas_LIBRARY-NOTFOUND
-- Checking for [openblas - pthread - m - gomp]
--   Library openblas: BLAS_openblas_LIBRARY-NOTFOUND
-- Checking for [goto2 - gfortran]
--   Library goto2: BLAS_goto2_LIBRARY-NOTFOUND
-- Checking for [goto2 - gfortran - pthread]
--   Library goto2: BLAS_goto2_LIBRARY-NOTFOUND
-- Checking for [acml - gfortran]
--   Library acml: BLAS_acml_LIBRARY-NOTFOUND
-- Checking for [blis]
--   Library blis: BLAS_blis_LIBRARY-NOTFOUND
-- Could NOT find Atlas (missing: Atlas_CBLAS_INCLUDE_DIR Atlas_CLAPACK_INCLUDE_DIR Atlas_CBLAS_LIBRARY Atlas_BLAS_LIBRARY Atlas_LAPACK_LIBRARY) 
-- Checking for [ptf77blas - atlas - gfortran]
--   Library ptf77blas: BLAS_ptf77blas_LIBRARY-NOTFOUND
-- Checking for [blas]
--   Library blas: BLAS_blas_LIBRARY-NOTFOUND
-- Cannot find a library with BLAS API. Not using BLAS.
-- Using pocketfft in directory: /home/kzl/Projects/pytorch/third_party/pocketfft
-- The ASM compiler identification is GNU
-- Found assembler: /usr/bin/cc
-- Brace yourself, we are building NNPACK
-- NNPACK backend is neon
CMake Warning at cmake/Dependencies.cmake:745 (message):
  A compiler with AVX512 support is required for FBGEMM.  Not compiling with
  FBGEMM.  Turn this warning off by USE_FBGEMM=OFF.
Call Stack (most recent call first):
  CMakeLists.txt:653 (include)


CMake Warning at cmake/Dependencies.cmake:784 (message):
  Turning USE_FAKELOWP off as it depends on USE_FBGEMM.
Call Stack (most recent call first):
  CMakeLists.txt:653 (include)


-- Could NOT find Numa (missing: Numa_INCLUDE_DIR Numa_LIBRARIES) 
CMake Warning at cmake/Dependencies.cmake:833 (message):
  Not compiling with NUMA.  Suppress this warning with -DUSE_NUMA=OFF
Call Stack (most recent call first):
  CMakeLists.txt:653 (include)


-- Using third party subdirectory Eigen.
-- Found PythonInterp: /usr/bin/python3 (found suitable version "3.6.9", minimum required is "3.0") 
-- Found PythonLibs: /usr/lib/libpython3.6m.so.1.0 (found suitable version "3.6.9", minimum required is "3.0") 
-- Using third_party/pybind11.
-- pybind11 include dirs: /home/kzl/Projects/pytorch/cmake/../third_party/pybind11/include
-- Adding OpenMP CXX_FLAGS: -fopenmp
-- Will link against OpenMP libraries: /usr/lib/gcc/aarch64-linux-gnu/7/libgomp.so;/usr/lib/aarch64-linux-gnu/libpthread.so
-- Found CUDA: /usr/local/cuda (found version "10.2") 
-- Caffe2: CUDA detected: 10.2
-- Caffe2: CUDA nvcc is: /usr/local/cuda/bin/nvcc
-- Caffe2: CUDA toolkit directory: /usr/local/cuda
-- Caffe2: Header version is: 10.2
-- Found CUDNN: /usr/lib/aarch64-linux-gnu/libcudnn.so  
-- Found cuDNN: v8.2.1  (include: /usr/include, library: /usr/lib/aarch64-linux-gnu/libcudnn.so)
-- /usr/local/cuda/lib64/libnvrtc.so shorthash is 7d272a04
CMake Warning at cmake/public/utils.cmake:365 (message):
  In the future we will require one to explicitly pass TORCH_CUDA_ARCH_LIST
  to cmake instead of implicitly setting it as an env variable.  This will
  become a FATAL_ERROR in future version of pytorch.
Call Stack (most recent call first):
  cmake/public/cuda.cmake:437 (torch_cuda_get_nvcc_gencode_flag)
  cmake/Dependencies.cmake:1191 (include)
  CMakeLists.txt:653 (include)


-- Added CUDA NVCC flags for: -gencode;arch=compute_53,code=sm_53
-- Could NOT find CUB (missing: CUB_INCLUDE_DIR) 
CMake Warning at cmake/Dependencies.cmake:1458 (message):
  Metal is only used in ios builds.
Call Stack (most recent call first):
  CMakeLists.txt:653 (include)


-- Found PythonInterp: /usr/bin/python3 (found version "3.6.9") 
-- Found PythonLibs: /usr/lib/libpython3.6m.so.1.0 (found version "3.6.9") 
Generated: /home/kzl/Projects/pytorch/build/third_party/onnx/onnx/onnx_onnx_torch-ml.proto
Generated: /home/kzl/Projects/pytorch/build/third_party/onnx/onnx/onnx-operators_onnx_torch-ml.proto
Generated: /home/kzl/Projects/pytorch/build/third_party/onnx/onnx/onnx-data_onnx_torch.proto
-- 
-- ******** Summary ********
--   CMake version             : 3.10.2
--   CMake command             : /usr/bin/cmake
--   System                    : Linux
--   C++ compiler              : /usr/bin/c++
--   C++ compiler version      : 7.5.0
--   CXX flags                 :  -Wno-deprecated -fvisibility-inlines-hidden -DUSE_PTHREADPOOL -fopenmp -Wnon-virtual-dtor
--   Build type                : Release
--   Compile definitions       : ONNX_ML=1;ONNXIFI_ENABLE_EXT=1
--   CMAKE_PREFIX_PATH         : /usr/lib/python3.6/site-packages;/usr/local/cuda
--   CMAKE_INSTALL_PREFIX      : /home/kzl/Projects/pytorch/torch
--   CMAKE_MODULE_PATH         : /home/kzl/Projects/pytorch/cmake/Modules;/home/kzl/Projects/pytorch/cmake/public/../Modules_CUDA_fix
-- 
--   ONNX version              : 1.10.1
--   ONNX NAMESPACE            : onnx_torch
--   ONNX_USE_LITE_PROTO       : OFF
--   USE_PROTOBUF_SHARED_LIBS  : OFF
--   Protobuf_USE_STATIC_LIBS  : ON
--   ONNX_DISABLE_EXCEPTIONS   : OFF
--   ONNX_WERROR               : OFF
--   ONNX_BUILD_TESTS          : OFF
--   ONNX_BUILD_BENCHMARKS     : OFF
--   ONNXIFI_DUMMY_BACKEND     : OFF
--   ONNXIFI_ENABLE_EXT        : OFF
-- 
--   Protobuf compiler         : 
--   Protobuf includes         : 
--   Protobuf libraries        : 
--   BUILD_ONNX_PYTHON         : OFF
-- 
-- ******** Summary ********
--   CMake version         : 3.10.2
--   CMake command         : /usr/bin/cmake
--   System                : Linux
--   C++ compiler          : /usr/bin/c++
--   C++ compiler version  : 7.5.0
--   CXX flags             :  -Wno-deprecated -fvisibility-inlines-hidden -DUSE_PTHREADPOOL -fopenmp -Wnon-virtual-dtor
--   Build type            : Release
--   Compile definitions   : ONNX_ML=1;ONNXIFI_ENABLE_EXT=1
--   CMAKE_PREFIX_PATH     : /usr/lib/python3.6/site-packages;/usr/local/cuda
--   CMAKE_INSTALL_PREFIX  : /home/kzl/Projects/pytorch/torch
--   CMAKE_MODULE_PATH     : /home/kzl/Projects/pytorch/cmake/Modules;/home/kzl/Projects/pytorch/cmake/public/../Modules_CUDA_fix
-- 
--   ONNX version          : 1.4.1
--   ONNX NAMESPACE        : onnx_torch
--   ONNX_BUILD_TESTS      : OFF
--   ONNX_BUILD_BENCHMARKS : OFF
--   ONNX_USE_LITE_PROTO   : OFF
--   ONNXIFI_DUMMY_BACKEND : OFF
-- 
--   Protobuf compiler     : 
--   Protobuf includes     : 
--   Protobuf libraries    : 
--   BUILD_ONNX_PYTHON     : OFF
-- Found CUDA with FP16 support, compiling with torch.cuda.HalfTensor
-- Adding -DNDEBUG to compile flags
CMake Warning at cmake/Dependencies.cmake:1679 (message):
  Not compiling with MAGMA.  Suppress this warning with -DUSE_MAGMA=OFF.
Call Stack (most recent call first):
  CMakeLists.txt:653 (include)


-- Could not find hardware support for NEON on this machine.
-- No OMAP3 processor on this machine.
-- No OMAP4 processor on this machine.
-- asimd/Neon found with compiler flag : -D__NEON__
-- Looking for cpuid.h
-- Looking for cpuid.h - not found
-- Performing Test NO_GCC_EBX_FPIC_BUG
-- Performing Test NO_GCC_EBX_FPIC_BUG - Failed
-- <FindVSX>
-- Performing Test C_VSX_FOUND
-- Performing Test C_VSX_FOUND - Failed
-- Performing Test CXX_VSX_FOUND
-- Performing Test CXX_VSX_FOUND - Failed
-- </FindVSX>
-- MKL_THREADING = OMP
-- Checking for [mkl_intel_lp64 - mkl_gnu_thread - mkl_core - gomp - pthread - m - dl]
--   Library mkl_intel_lp64: not found
-- Checking for [mkl_intel_lp64 - mkl_intel_thread - mkl_core - gomp - pthread - m - dl]
--   Library mkl_intel_lp64: not found
-- Checking for [mkl_intel - mkl_gnu_thread - mkl_core - gomp - pthread - m - dl]
--   Library mkl_intel: not found
-- Checking for [mkl_intel - mkl_intel_thread - mkl_core - gomp - pthread - m - dl]
--   Library mkl_intel: not found
-- Checking for [mkl_gf_lp64 - mkl_gnu_thread - mkl_core - gomp - pthread - m - dl]
--   Library mkl_gf_lp64: not found
-- Checking for [mkl_gf_lp64 - mkl_intel_thread - mkl_core - gomp - pthread - m - dl]
--   Library mkl_gf_lp64: not found
-- Checking for [mkl_gf - mkl_gnu_thread - mkl_core - gomp - pthread - m - dl]
--   Library mkl_gf: not found
-- Checking for [mkl_gf - mkl_intel_thread - mkl_core - gomp - pthread - m - dl]
--   Library mkl_gf: not found
-- Checking for [mkl_intel_lp64 - mkl_gnu_thread - mkl_core - iomp5 - pthread - m - dl]
--   Library mkl_intel_lp64: not found
-- Checking for [mkl_intel_lp64 - mkl_intel_thread - mkl_core - iomp5 - pthread - m - dl]
--   Library mkl_intel_lp64: not found
-- Checking for [mkl_intel - mkl_gnu_thread - mkl_core - iomp5 - pthread - m - dl]
--   Library mkl_intel: not found
-- Checking for [mkl_intel - mkl_intel_thread - mkl_core - iomp5 - pthread - m - dl]
--   Library mkl_intel: not found
-- Checking for [mkl_gf_lp64 - mkl_gnu_thread - mkl_core - iomp5 - pthread - m - dl]
--   Library mkl_gf_lp64: not found
-- Checking for [mkl_gf_lp64 - mkl_intel_thread - mkl_core - iomp5 - pthread - m - dl]
--   Library mkl_gf_lp64: not found
-- Checking for [mkl_gf - mkl_gnu_thread - mkl_core - iomp5 - pthread - m - dl]
--   Library mkl_gf: not found
-- Checking for [mkl_gf - mkl_intel_thread - mkl_core - iomp5 - pthread - m - dl]
--   Library mkl_gf: not found
-- Checking for [mkl_intel_lp64 - mkl_gnu_thread - mkl_core - pthread - m - dl]
--   Library mkl_intel_lp64: not found
-- Checking for [mkl_intel_lp64 - mkl_intel_thread - mkl_core - pthread - m - dl]
--   Library mkl_intel_lp64: not found
-- Checking for [mkl_intel - mkl_gnu_thread - mkl_core - pthread - m - dl]
--   Library mkl_intel: not found
-- Checking for [mkl_intel - mkl_intel_thread - mkl_core - pthread - m - dl]
--   Library mkl_intel: not found
-- Checking for [mkl_gf_lp64 - mkl_gnu_thread - mkl_core - pthread - m - dl]
--   Library mkl_gf_lp64: not found
-- Checking for [mkl_gf_lp64 - mkl_intel_thread - mkl_core - pthread - m - dl]
--   Library mkl_gf_lp64: not found
-- Checking for [mkl_gf - mkl_gnu_thread - mkl_core - pthread - m - dl]
--   Library mkl_gf: not found
-- Checking for [mkl_gf - mkl_intel_thread - mkl_core - pthread - m - dl]
--   Library mkl_gf: not found
-- Checking for [mkl_intel_lp64 - mkl_sequential - mkl_core - m - dl]
--   Library mkl_intel_lp64: not found
-- Checking for [mkl_intel - mkl_sequential - mkl_core - m - dl]
--   Library mkl_intel: not found
-- Checking for [mkl_gf_lp64 - mkl_sequential - mkl_core - m - dl]
--   Library mkl_gf_lp64: not found
-- Checking for [mkl_gf - mkl_sequential - mkl_core - m - dl]
--   Library mkl_gf: not found
-- Checking for [mkl_intel_lp64 - mkl_core - gomp - pthread - m - dl]
--   Library mkl_intel_lp64: not found
-- Checking for [mkl_intel - mkl_core - gomp - pthread - m - dl]
--   Library mkl_intel: not found
-- Checking for [mkl_gf_lp64 - mkl_core - gomp - pthread - m - dl]
--   Library mkl_gf_lp64: not found
-- Checking for [mkl_gf - mkl_core - gomp - pthread - m - dl]
--   Library mkl_gf: not found
-- Checking for [mkl_intel_lp64 - mkl_core - iomp5 - pthread - m - dl]
--   Library mkl_intel_lp64: not found
-- Checking for [mkl_intel - mkl_core - iomp5 - pthread - m - dl]
--   Library mkl_intel: not found
-- Checking for [mkl_gf_lp64 - mkl_core - iomp5 - pthread - m - dl]
--   Library mkl_gf_lp64: not found
-- Checking for [mkl_gf - mkl_core - iomp5 - pthread - m - dl]
--   Library mkl_gf: not found
-- Checking for [mkl_intel_lp64 - mkl_core - pthread - m - dl]
--   Library mkl_intel_lp64: not found
-- Checking for [mkl_intel - mkl_core - pthread - m - dl]
--   Library mkl_intel: not found
-- Checking for [mkl_gf_lp64 - mkl_core - pthread - m - dl]
--   Library mkl_gf_lp64: not found
-- Checking for [mkl_gf - mkl_core - pthread - m - dl]
--   Library mkl_gf: not found
-- Checking for [mkl - guide - pthread - m]
--   Library mkl: not found
-- MKL library not found
-- Checking for [blis]
--   Library blis: BLAS_blis_LIBRARY-NOTFOUND
-- Checking for [Accelerate]
--   Library Accelerate: BLAS_Accelerate_LIBRARY-NOTFOUND
-- Checking for [vecLib]
--   Library vecLib: BLAS_vecLib_LIBRARY-NOTFOUND
-- Checking for [openblas]
--   Library openblas: BLAS_openblas_LIBRARY-NOTFOUND
-- Checking for [openblas - pthread - m]
--   Library openblas: BLAS_openblas_LIBRARY-NOTFOUND
-- Checking for [openblas - pthread - m - gomp]
--   Library openblas: BLAS_openblas_LIBRARY-NOTFOUND
-- Checking for [goto2 - gfortran]
--   Library goto2: BLAS_goto2_LIBRARY-NOTFOUND
-- Checking for [goto2 - gfortran - pthread]
--   Library goto2: BLAS_goto2_LIBRARY-NOTFOUND
-- Checking for [acml - gfortran]
--   Library acml: BLAS_acml_LIBRARY-NOTFOUND
-- Checking for [blis]
--   Library blis: BLAS_blis_LIBRARY-NOTFOUND
-- Could NOT find Atlas (missing: Atlas_CBLAS_INCLUDE_DIR Atlas_CLAPACK_INCLUDE_DIR Atlas_CBLAS_LIBRARY Atlas_BLAS_LIBRARY Atlas_LAPACK_LIBRARY) 
-- Checking for [ptf77blas - atlas - gfortran]
--   Library ptf77blas: BLAS_ptf77blas_LIBRARY-NOTFOUND
-- Checking for [blas]
--   Library blas: BLAS_blas_LIBRARY-NOTFOUND
-- Cannot find a library with BLAS API. Not using BLAS.
-- LAPACK requires BLAS
-- Cannot find a library with LAPACK API. Not using LAPACK.
disabling ROCM because NOT USE_ROCM is set
-- MIOpen not found. Compiling without MIOpen support
disabling MKLDNN because USE_MKLDNN is not set
-- Looking for clock_gettime in rt
-- Looking for clock_gettime in rt - found
-- Looking for mmap
-- Looking for mmap - found
-- Looking for shm_open
-- Looking for shm_open - found
-- Looking for shm_unlink
-- Looking for shm_unlink - found
-- Looking for malloc_usable_size
-- Looking for malloc_usable_size - found
-- Performing Test C_HAS_THREAD
-- Performing Test C_HAS_THREAD - Success
-- Version: 7.0.3
-- Build type: Release
-- CXX_STANDARD: 14
-- Performing Test has_std_14_flag
-- Performing Test has_std_14_flag - Success
-- Performing Test has_std_1y_flag
-- Performing Test has_std_1y_flag - Success
-- Performing Test SUPPORTS_USER_DEFINED_LITERALS
-- Performing Test SUPPORTS_USER_DEFINED_LITERALS - Success
-- Performing Test FMT_HAS_VARIANT
-- Performing Test FMT_HAS_VARIANT - Success
-- Required features: cxx_variadic_templates
-- Looking for strtod_l
-- Looking for strtod_l - not found
-- Using Kineto with CUPTI support
-- Configuring Kineto dependency:
--   KINETO_SOURCE_DIR = /home/kzl/Projects/pytorch/third_party/kineto/libkineto
--   KINETO_BUILD_TESTS = OFF
--   KINETO_LIBRARY_TYPE = static
--   CUDA_SOURCE_DIR = /usr/local/cuda
--   CUDA_INCLUDE_DIRS = /usr/local/cuda/include
-- Could not find CUPTI library, using CPU-only Kineto build
INFO CUPTI unavailable or disabled - not building GPU profilers
-- Kineto: FMT_SOURCE_DIR = /home/kzl/Projects/pytorch/third_party/fmt
-- Kineto: FMT_INCLUDE_DIR = /home/kzl/Projects/pytorch/third_party/fmt/include
INFO CUPTI_INCLUDE_DIR = /usr/local/cuda/include
-- Configured Kineto (CPU)
-- GCC 7.5.0: Adding gcc and gcc_s libs to link line
-- Performing Test HAS_WERROR_FORMAT
-- Performing Test HAS_WERROR_FORMAT - Success
-- Performing Test HAS_WERROR_CAST_FUNCTION_TYPE
-- Performing Test HAS_WERROR_CAST_FUNCTION_TYPE - Failed
-- Performing Test HAS_VST1
-- Performing Test HAS_VST1 - Failed
-- Performing Test HAS_VLD1
-- Performing Test HAS_VLD1 - Failed
-- Looking for backtrace
-- Looking for backtrace - found
-- backtrace facility detected in default set of libraries
-- Found Backtrace: /usr/include  
-- don't use NUMA
-- Using ATen parallel backend: OMP
-- Could NOT find OpenSSL, try to set the path to OpenSSL root folder in the system variable OPENSSL_ROOT_DIR (missing: OPENSSL_CRYPTO_LIBRARY OPENSSL_INCLUDE_DIR) 
-- Check size of long double
-- Check size of long double - done
-- Performing Test COMPILER_SUPPORTS_LONG_DOUBLE
-- Performing Test COMPILER_SUPPORTS_LONG_DOUBLE - Success
-- Performing Test COMPILER_SUPPORTS_FLOAT128
-- Performing Test COMPILER_SUPPORTS_FLOAT128 - Failed
-- Performing Test COMPILER_SUPPORTS_SVE
-- Performing Test COMPILER_SUPPORTS_SVE - Failed
-- Found OpenMP_C: -fopenmp (found version "4.5") 
-- Found OpenMP_CXX: -fopenmp (found version "4.5") 
-- Found OpenMP: TRUE (found version "4.5")  
-- Performing Test COMPILER_SUPPORTS_OPENMP
-- Performing Test COMPILER_SUPPORTS_OPENMP - Success
-- Performing Test COMPILER_SUPPORTS_WEAK_ALIASES
-- Performing Test COMPILER_SUPPORTS_WEAK_ALIASES - Success
-- Performing Test COMPILER_SUPPORTS_BUILTIN_MATH
-- Performing Test COMPILER_SUPPORTS_BUILTIN_MATH - Success
-- Performing Test COMPILER_SUPPORTS_SYS_GETRANDOM
-- Performing Test COMPILER_SUPPORTS_SYS_GETRANDOM - Success
-- Configuring build for SLEEF-v3.6.0
   Target system: Linux-4.9.337-tegra
   Target processor: aarch64
   Host system: Linux-4.9.337-tegra
   Host processor: aarch64
   Detected C compiler: GNU @ /usr/bin/cc
   CMake: 3.10.2
   Make program: /usr/bin/ninja
-- Using option `-Wall -Wno-unused -Wno-attributes -Wno-unused-result -Wno-psabi -ffp-contract=off -fno-math-errno -fno-trapping-math` to compile libsleef
-- Building shared libs : OFF
-- Building static test bins: OFF
-- MPFR : LIB_MPFR-NOTFOUND
-- GMP : LIBGMP-NOTFOUND
-- RT : /usr/lib/aarch64-linux-gnu/librt.so
-- FFTW3 : LIBFFTW3-NOTFOUND
-- OPENSSL : 
-- SDE : SDE_COMMAND-NOTFOUND
-- RUNNING_ON_TRAVIS : 
-- COMPILER_SUPPORTS_OPENMP : 1
AT_INSTALL_INCLUDE_DIR include/ATen/core
core header install: /home/kzl/Projects/pytorch/build/aten/src/ATen/core/TensorBody.h
-- NCCL operators skipped due to no CUDA support
-- Excluding FakeLowP operators
-- Excluding ideep operators as we are not using ideep
-- Excluding image processing operators due to no opencv
-- Excluding video processing operators due to no opencv
-- MPI operators skipped due to no MPI support
-- Include Observer library
-- /usr/bin/c++ /home/kzl/Projects/pytorch/torch/abi-check.cpp -o /home/kzl/Projects/pytorch/build/abi-check
-- Determined _GLIBCXX_USE_CXX11_ABI=1
CMake Warning (dev) at torch/CMakeLists.txt:414:
  Syntax Warning in cmake code at column 107

  Argument not separated from preceding token by whitespace.
This warning is for project developers.  Use -Wno-dev to suppress it.

CMake Warning (dev) at torch/CMakeLists.txt:414:
  Syntax Warning in cmake code at column 115

  Argument not separated from preceding token by whitespace.
This warning is for project developers.  Use -Wno-dev to suppress it.

CMake Warning at cmake/public/utils.cmake:365 (message):
  In the future we will require one to explicitly pass TORCH_CUDA_ARCH_LIST
  to cmake instead of implicitly setting it as an env variable.  This will
  become a FATAL_ERROR in future version of pytorch.
Call Stack (most recent call first):
  torch/CMakeLists.txt:381 (torch_cuda_get_nvcc_gencode_flag)


-- pytorch is compiling with OpenMP. 
OpenMP CXX_FLAGS: -fopenmp. 
OpenMP libraries: /usr/lib/gcc/aarch64-linux-gnu/7/libgomp.so;/usr/lib/aarch64-linux-gnu/libpthread.so.
-- Caffe2 is compiling with OpenMP. 
OpenMP CXX_FLAGS: -fopenmp. 
OpenMP libraries: /usr/lib/gcc/aarch64-linux-gnu/7/libgomp.so;/usr/lib/aarch64-linux-gnu/libpthread.so.
-- Using lib/python3.6/site-packages as python relative installation path
CMake Warning at CMakeLists.txt:985 (message):
  Generated cmake files are only fully tested if one builds with system glog,
  gflags, and protobuf.  Other settings may generate files that are not well
  tested.


-- 
-- ******** Summary ********
-- General:
--   CMake version         : 3.10.2
--   CMake command         : /usr/bin/cmake
--   System                : Linux
--   C++ compiler          : /usr/bin/c++
--   C++ compiler id       : GNU
--   C++ compiler version  : 7.5.0
--   Using ccache if found : ON
--   Found ccache          : CCACHE_PROGRAM-NOTFOUND
--   CXX flags             :  -Wno-deprecated -fvisibility-inlines-hidden -DUSE_PTHREADPOOL -fopenmp -DNDEBUG -DUSE_KINETO -DLIBKINETO_NOCUPTI -DUSE_QNNPACK -DUSE_PYTORCH_QNNPACK -DUSE_XNNPACK -DSYMBOLICATE_MOBILE_DEBUG_HANDLE -DEDGE_PROFILER_USE_KINETO -O2 -fPIC -Wno-narrowing -Wall -Wextra -Werror=return-type -Wno-missing-field-initializers -Wno-type-limits -Wno-array-bounds -Wno-unknown-pragmas -Wno-sign-compare -Wno-unused-parameter -Wno-unused-variable -Wno-unused-function -Wno-unused-result -Wno-unused-local-typedefs -Wno-strict-overflow -Wno-strict-aliasing -Wno-error=deprecated-declarations -Wno-stringop-overflow -Wno-psabi -Wno-error=pedantic -Wno-error=redundant-decls -Wno-error=old-style-cast -fdiagnostics-color=always -faligned-new -Wno-unused-but-set-variable -Wno-maybe-uninitialized -fno-math-errno -fno-trapping-math -Werror=format -DMISSING_ARM_VST1 -DMISSING_ARM_VLD1 -Wno-stringop-overflow
--   Build type            : Release
--   Compile definitions   : ONNX_ML=1;ONNXIFI_ENABLE_EXT=1;ONNX_NAMESPACE=onnx_torch;HAVE_MMAP=1;_FILE_OFFSET_BITS=64;HAVE_SHM_OPEN=1;HAVE_SHM_UNLINK=1;HAVE_MALLOC_USABLE_SIZE=1;USE_EXTERNAL_MZCRC;MINIZ_DISABLE_ZIP_READER_CRC32_CHECKS
--   CMAKE_PREFIX_PATH     : /usr/lib/python3.6/site-packages;/usr/local/cuda
--   CMAKE_INSTALL_PREFIX  : /home/kzl/Projects/pytorch/torch
--   USE_GOLD_LINKER       : OFF
-- 
--   TORCH_VERSION         : 1.10.3
--   CAFFE2_VERSION        : 1.10.3
--   BUILD_CAFFE2          : ON
--   BUILD_CAFFE2_OPS      : ON
--   BUILD_CAFFE2_MOBILE   : OFF
--   BUILD_STATIC_RUNTIME_BENCHMARK: OFF
--   BUILD_TENSOREXPR_BENCHMARK: OFF
--   BUILD_BINARY          : OFF
--   BUILD_CUSTOM_PROTOBUF : ON
--     Link local protobuf : ON
--   BUILD_DOCS            : OFF
--   BUILD_PYTHON          : True
--     Python version      : 3.6.9
--     Python executable   : /usr/bin/python3
--     Pythonlibs version  : 3.6.9
--     Python library      : /usr/lib/libpython3.6m.so.1.0
--     Python includes     : /usr/include/python3.6m
--     Python site-packages: lib/python3.6/site-packages
--   BUILD_SHARED_LIBS     : ON
--   CAFFE2_USE_MSVC_STATIC_RUNTIME     : OFF
--   BUILD_TEST            : False
--   BUILD_JNI             : OFF
--   BUILD_MOBILE_AUTOGRAD : OFF
--   BUILD_LITE_INTERPRETER: OFF
--   INTERN_BUILD_MOBILE   : 
--   USE_BLAS              : 0
--   USE_LAPACK            : 0
--   USE_ASAN              : OFF
--   USE_CPP_CODE_COVERAGE : OFF
--   USE_CUDA              : ON
--     Split CUDA          : OFF
--     CUDA static link    : OFF
--     USE_CUDNN           : ON
--     USE_EXPERIMENTAL_CUDNN_V8_API: OFF
--     CUDA version        : 10.2
--     cuDNN version       : 8.2.1
--     CUDA root directory : /usr/local/cuda
--     CUDA library        : /usr/local/cuda/lib64/stubs/libcuda.so
--     cudart library      : /usr/local/cuda/lib64/libcudart.so
--     cublas library      : /usr/local/cuda/lib64/libcublas.so
--     cufft library       : /usr/local/cuda/lib64/libcufft.so
--     curand library      : /usr/local/cuda/lib64/libcurand.so
--     cuDNN library       : /usr/lib/aarch64-linux-gnu/libcudnn.so
--     nvrtc               : /usr/local/cuda/lib64/libnvrtc.so
--     CUDA include path   : /usr/local/cuda/include
--     NVCC executable     : /usr/local/cuda/bin/nvcc
--     NVCC flags          : -Xfatbin;-compress-all;-DONNX_NAMESPACE=onnx_torch;-gencode;arch=compute_53,code=sm_53;-Xcudafe;--diag_suppress=cc_clobber_ignored,--diag_suppress=integer_sign_change,--diag_suppress=useless_using_declaration,--diag_suppress=set_but_not_used,--diag_suppress=field_without_dll_interface,--diag_suppress=base_class_has_different_dll_interface,--diag_suppress=dll_interface_conflict_none_assumed,--diag_suppress=dll_interface_conflict_dllexport_assumed,--diag_suppress=implicit_return_from_non_void_function,--diag_suppress=unsigned_compare_with_zero,--diag_suppress=declared_but_not_referenced,--diag_suppress=bad_friend_decl;-std=c++14;-Xcompiler;-fPIC;--expt-relaxed-constexpr;--expt-extended-lambda;-Wno-deprecated-gpu-targets;--expt-extended-lambda;-Xcompiler;-fPIC;-DCUDA_HAS_FP16=1;-D__CUDA_NO_HALF_OPERATORS__;-D__CUDA_NO_HALF_CONVERSIONS__;-D__CUDA_NO_BFLOAT16_CONVERSIONS__;-D__CUDA_NO_HALF2_OPERATORS__
--     CUDA host compiler  : /usr/bin/cc
--     NVCC --device-c     : OFF
--     USE_TENSORRT        : OFF
--   USE_ROCM              : OFF
--   USE_EIGEN_FOR_BLAS    : ON
--   USE_FBGEMM            : OFF
--     USE_FAKELOWP          : OFF
--   USE_KINETO            : ON
--   USE_FFMPEG            : OFF
--   USE_GFLAGS            : OFF
--   USE_GLOG              : OFF
--   USE_LEVELDB           : OFF
--   USE_LITE_PROTO        : OFF
--   USE_LMDB              : OFF
--   USE_METAL             : OFF
--   USE_PYTORCH_METAL     : OFF
--   USE_PYTORCH_METAL_EXPORT     : OFF
--   USE_FFTW              : OFF
--   USE_MKL               : OFF
--   USE_MKLDNN            : OFF
--   USE_NCCL              : OFF
--   USE_NNPACK            : ON
--   USE_NUMPY             : ON
--   USE_OBSERVERS         : ON
--   USE_OPENCL            : OFF
--   USE_OPENCV            : OFF
--   USE_OPENMP            : ON
--   USE_TBB               : OFF
--   USE_VULKAN            : OFF
--   USE_PROF              : OFF
--   USE_QNNPACK           : ON
--   USE_PYTORCH_QNNPACK   : ON
--   USE_REDIS             : OFF
--   USE_ROCKSDB           : OFF
--   USE_ZMQ               : OFF
--   USE_DISTRIBUTED       : OFF
--   USE_DEPLOY           : OFF
--   USE_BREAKPAD         : ON
--   Public Dependencies  : Threads::Threads
--   Private Dependencies : pthreadpool;cpuinfo;qnnpack;pytorch_qnnpack;nnpack;XNNPACK;fp16;aten_op_header_gen;foxi_loader;rt;fmt::fmt-header-only;kineto;gcc_s;gcc;dl
--   USE_COREML_DELEGATE     : OFF
-- Configuring done
-- Generating done
-- Build files have been written to: /home/kzl/Projects/pytorch/build
Building wheel torch-1.10.3
-- Building version 1.10.3
cmake -GNinja -DBUILD_PYTHON=True -DBUILD_TEST=False -DCMAKE_BUILD_TYPE=Release -DCMAKE_GENERATOR=Ninja -DCMAKE_INSTALL_PREFIX=/home/kzl/Projects/pytorch/torch -DCMAKE_PREFIX_PATH=/usr/lib/python3.6/site-packages -DNUMPY_INCLUDE_DIR=/home/kzl/.local/lib/python3.6/site-packages/numpy/core/include -DPYTHON_EXECUTABLE=/usr/bin/python3 -DPYTHON_INCLUDE_DIR=/usr/include/python3.6m -DPYTHON_LIBRARY=/usr/lib/libpython3.6m.so.1.0 -DTORCH_BUILD_VERSION=1.10.3 -DUSE_DISTRIBUTED=OFF -DUSE_NCCL=OFF -DUSE_NUMPY=True -DUSE_RCCL=OFF /home/kzl/Projects/pytorch
Finished running cmake. Run "ccmake build" or "cmake-gui build" to adjust build options and "python setup.py install" to build.
